// Jest Snapshot v1, https://goo.gl/fbAQLP

exports[`snapshot of category box 1`] = `
<div
  class="box"
>
  <p
    class="title"
  >
    MAPPING
    <span
      class="counter"
    >
      2
    </span>
  </p>
  <div
    class="categoryContainer"
  >
    <p
      class="category"
    >
      Biodiversity
    </p>
    <div
      class="icon"
    >
      <icon-mock />
    </div>
  </div>
</div>
`;
